MapReduce Validation Failures - 2025-04-23 00:39:30
Total Failures: 0

